{"timestamp":"2026-08-17T03:08:01.277620Z","level":"info","event":"::group::Pre Execute","logger":"task","filename":"task_runner.py","lineno":2412}
{"timestamp":"2026-08-17T03:08:01.471709Z","level":"info","event":"DAG bundles loaded: dags-folder, example_dags, apache-airflow-providers-common-sql-example-dags, apache-airflow-providers-standard-example-dags","ti_id":"01a00db0-b8b1-7b26-b29e-c424cc211dc6","run_id":"scheduled__2026-08-17T03:08:00+00:00","task_id":"extract_data_from_source","map_index":-1,"dag_id":"Weather_pipeline","try_number":1,"logger":"airflow.dag_processing.bundles.manager.DagBundlesManager","filename":"manager.py","lineno":304}
{"timestamp":"2026-08-17T03:08:01.479821Z","level":"info","event":"Filling up the DagBag from /opt/airflow/dags/pipeline.py","ti_id":"01a00db0-b8b1-7b26-b29e-c424cc211dc6","run_id":"scheduled__2026-08-17T03:08:00+00:00","task_id":"extract_data_from_source","map_index":-1,"dag_id":"Weather_pipeline","try_number":1,"logger":"airflow.dag_processing.dagbag.BundleDagBag","filename":"dagbag.py","lineno":460}
{"timestamp":"2026-08-17T03:08:03.281376Z","level":"info","event":"Worker startup parse complete","bundle_name":"dags-folder","bundle_version":null,"dag_file":"pipeline.py","dag_id":"Weather_pipeline","bundle_prepare_ms":15,"dag_file_parse_ms":1803,"ti_id":"01a00db0-b8b1-7b26-b29e-c424cc211dc6","run_id":"scheduled__2026-08-17T03:08:00+00:00","task_id":"extract_data_from_source","map_index":-1,"try_number":1,"logger":"task","filename":"task_runner.py","lineno":1073}
{"timestamp":"2026-08-17T03:08:03.452395Z","level":"info","event":"Task instance is in running state","logger":"task.stdout"}
{"timestamp":"2026-08-17T03:08:03.457454Z","level":"info","event":" Previous state of the Task instance: TaskInstanceState.QUEUED","logger":"task.stdout"}
{"timestamp":"2026-08-17T03:08:03.461771Z","level":"info","event":"Current task name:extract_data_from_source","logger":"task.stdout"}
{"timestamp":"2026-08-17T03:08:03.462805Z","level":"info","event":"Dag name:Weather_pipeline","logger":"task.stdout"}
{"timestamp":"2026-08-17T03:08:03.455488Z","level":"info","event":"::endgroup::","ti_id":"01a00db0-b8b1-7b26-b29e-c424cc211dc6","run_id":"scheduled__2026-08-17T03:08:00+00:00","task_id":"extract_data_from_source","map_index":-1,"dag_id":"Weather_pipeline","try_number":1,"logger":"task","filename":"task_runner.py","lineno":2232}
{"timestamp":"2026-08-17T03:08:03.473888Z","level":"info","event":"Extraction of data from API starts...","logger":"Utilities","ti_id":"01a00db0-b8b1-7b26-b29e-c424cc211dc6","run_id":"scheduled__2026-08-17T03:08:00+00:00","task_id":"extract_data_from_source","map_index":-1,"dag_id":"Weather_pipeline","try_number":1,"filename":"Utilities.py","lineno":26}
{"timestamp":"2026-08-17T03:08:03.481345Z","level":"info","event":"-80 -10","logger":"task.stdout"}
{"timestamp":"2026-08-17T03:08:04.969866Z","level":"info","event":"[]","logger":"task.stdout"}
{"timestamp":"2026-08-17T03:08:06.397297Z","level":"info","event":"Extraction of data from API Ends.","logger":"Utilities","ti_id":"01a00db0-b8b1-7b26-b29e-c424cc211dc6","run_id":"scheduled__2026-08-17T03:08:00+00:00","task_id":"extract_data_from_source","map_index":-1,"dag_id":"Weather_pipeline","try_number":1,"filename":"Utilities.py","lineno":58}
{"timestamp":"2026-08-17T03:08:06.399131Z","level":"info","event":"Done. Returned value was: ./extracted_data.csv","ti_id":"01a00db0-b8b1-7b26-b29e-c424cc211dc6","run_id":"scheduled__2026-08-17T03:08:00+00:00","task_id":"extract_data_from_source","map_index":-1,"dag_id":"Weather_pipeline","try_number":1,"logger":"airflow.task.operators.airflow.providers.standard.operators.python.PythonOperator","filename":"python.py","lineno":233}
{"timestamp":"2026-08-17T03:08:06.399770Z","level":"info","event":"::group::Post Execute","ti_id":"01a00db0-b8b1-7b26-b29e-c424cc211dc6","run_id":"scheduled__2026-08-17T03:08:00+00:00","task_id":"extract_data_from_source","map_index":-1,"dag_id":"Weather_pipeline","try_number":1,"logger":"task","filename":"task_runner.py","lineno":1580}
{"timestamp":"2026-08-17T03:08:06.403098Z","level":"info","event":"Pushing xcom","ti":"RuntimeTaskInstance(id=UUID('01a00db0-b8b1-7b26-b29e-c424cc211dc6'), task_id='extract_data_from_source', dag_id='Weather_pipeline', run_id='scheduled__2026-08-17T03:08:00+00:00', try_number=1, dag_version_id=UUID('01a00d89-9944-74d9-afd4-a6b88f9c736c'), map_index=-1, hostname='48cb01aec349', context_carrier={'traceparent': '00-9382504d77d997da57346b03efcbba03-075e26254b1d4d6a-00'}, queue='default', task=<Task(PythonOperator): extract_data_from_source>, bundle_instance=LocalDagBundle(name=dags-folder), max_tries=0, start_date=datetime.datetime(2026, 8, 17, 3, 8, 1, 352438, tzinfo=datetime.timezone.utc), end_date=None, state=<TaskInstanceState.RUNNING: 'running'>, is_mapped=False, rendered_map_index=None, sentry_integration='sentry_sdk.integrations.celery.CeleryIntegration')","ti_id":"01a00db0-b8b1-7b26-b29e-c424cc211dc6","run_id":"scheduled__2026-08-17T03:08:00+00:00","task_id":"extract_data_from_source","map_index":-1,"dag_id":"Weather_pipeline","try_number":1,"logger":"task","filename":"task_runner.py","lineno":2280}
{"timestamp":"2026-08-17T03:08:08.169639Z","level":"info","event":"Task instance in success state","logger":"task.stdout"}
{"timestamp":"2026-08-17T03:08:08.183159Z","level":"info","event":" Previous state of the Task instance: TaskInstanceState.RUNNING","logger":"task.stdout"}
{"timestamp":"2026-08-17T03:08:08.206593Z","level":"info","event":"Task operator:<Task(PythonOperator): extract_data_from_source>","logger":"task.stdout"}
{"timestamp":"2026-08-17T03:08:08.172893Z","level":"info","event":"::endgroup::","ti_id":"01a00db0-b8b1-7b26-b29e-c424cc211dc6","run_id":"scheduled__2026-08-17T03:08:00+00:00","task_id":"extract_data_from_source","map_index":-1,"dag_id":"Weather_pipeline","try_number":1,"logger":"task","filename":"task_runner.py","lineno":2379}
