{"timestamp":"2026-08-17T02:57:09.365539Z","level":"info","event":"::group::Pre Execute","logger":"task","filename":"task_runner.py","lineno":2412}
{"timestamp":"2026-08-17T02:57:09.654734Z","level":"info","event":"DAG bundles loaded: dags-folder, example_dags, apache-airflow-providers-common-sql-example-dags, apache-airflow-providers-standard-example-dags","try_number":1,"run_id":"scheduled__2026-08-17T02:56:00+00:00","ti_id":"01a00da6-c636-746c-b44b-9d8f733529fa","task_id":"extract_data_from_source","map_index":-1,"dag_id":"Weather_pipeline","logger":"airflow.dag_processing.bundles.manager.DagBundlesManager","filename":"manager.py","lineno":304}
{"timestamp":"2026-08-17T02:57:09.660900Z","level":"info","event":"Filling up the DagBag from /opt/airflow/dags/pipeline.py","try_number":1,"run_id":"scheduled__2026-08-17T02:56:00+00:00","ti_id":"01a00da6-c636-746c-b44b-9d8f733529fa","task_id":"extract_data_from_source","map_index":-1,"dag_id":"Weather_pipeline","logger":"airflow.dag_processing.dagbag.BundleDagBag","filename":"dagbag.py","lineno":460}
{"timestamp":"2026-08-17T02:57:10.865613Z","level":"info","event":"Worker startup parse complete","bundle_name":"dags-folder","bundle_version":null,"dag_file":"pipeline.py","dag_id":"Weather_pipeline","bundle_prepare_ms":10,"dag_file_parse_ms":1206,"try_number":1,"run_id":"scheduled__2026-08-17T02:56:00+00:00","ti_id":"01a00da6-c636-746c-b44b-9d8f733529fa","task_id":"extract_data_from_source","map_index":-1,"logger":"task","filename":"task_runner.py","lineno":1073}
{"timestamp":"2026-08-17T02:57:10.969397Z","level":"info","event":"Task instance is in running state","logger":"task.stdout"}
{"timestamp":"2026-08-17T02:57:10.981938Z","level":"info","event":" Previous state of the Task instance: TaskInstanceState.QUEUED","logger":"task.stdout"}
{"timestamp":"2026-08-17T02:57:10.987028Z","level":"info","event":"Current task name:extract_data_from_source","logger":"task.stdout"}
{"timestamp":"2026-08-17T02:57:10.991758Z","level":"info","event":"Dag name:Weather_pipeline","logger":"task.stdout"}
{"timestamp":"2026-08-17T02:57:10.997082Z","level":"info","event":"6 -175","logger":"task.stdout"}
{"timestamp":"2026-08-17T02:57:10.971969Z","level":"info","event":"::endgroup::","try_number":1,"run_id":"scheduled__2026-08-17T02:56:00+00:00","ti_id":"01a00da6-c636-746c-b44b-9d8f733529fa","task_id":"extract_data_from_source","map_index":-1,"dag_id":"Weather_pipeline","logger":"task","filename":"task_runner.py","lineno":2232}
{"timestamp":"2026-08-17T02:57:10.986018Z","level":"info","event":"Extraction of data from API starts...","logger":"Utilities","try_number":1,"run_id":"scheduled__2026-08-17T02:56:00+00:00","ti_id":"01a00da6-c636-746c-b44b-9d8f733529fa","task_id":"extract_data_from_source","map_index":-1,"dag_id":"Weather_pipeline","filename":"Utilities.py","lineno":26}
{"timestamp":"2026-08-17T02:57:12.999276Z","level":"info","event":"Index(['state', 'country', 'name', 'latitude', 'longitude',","logger":"task.stdout"}
{"timestamp":"2026-08-17T02:57:13.002089Z","level":"info","event":"       'generationtime_ms', 'utc_offset_seconds', 'timezone',","logger":"task.stdout"}
{"timestamp":"2026-08-17T02:57:13.004433Z","level":"info","event":"       'timezone_abbreviation', 'elevation', 'time', 'interval',","logger":"task.stdout"}
{"timestamp":"2026-08-17T02:57:13.009237Z","level":"info","event":"       'temperature_2m', 'relative_humidity_2m', 'is_day', 'precipitation',","logger":"task.stdout"}
{"timestamp":"2026-08-17T02:57:13.012101Z","level":"info","event":"       'rain', 'showers', 'snowfall', 'pressure_msl', 'surface_pressure',","logger":"task.stdout"}
{"timestamp":"2026-08-17T02:57:13.017628Z","level":"info","event":"       'cloud_cover', 'weather_code', 'wind_gusts_10m', 'wind_direction_10m',","logger":"task.stdout"}
{"timestamp":"2026-08-17T02:57:13.021548Z","level":"info","event":"       'wind_speed_10m', 'apparent_temperature'],","logger":"task.stdout"}
{"timestamp":"2026-08-17T02:57:13.030381Z","level":"info","event":"      dtype='str')","logger":"task.stdout"}
{"timestamp":"2026-08-17T02:57:13.008081Z","level":"info","event":"Extraction of data from API Ends.","logger":"Utilities","try_number":1,"run_id":"scheduled__2026-08-17T02:56:00+00:00","ti_id":"01a00da6-c636-746c-b44b-9d8f733529fa","task_id":"extract_data_from_source","map_index":-1,"dag_id":"Weather_pipeline","filename":"Utilities.py","lineno":59}
{"timestamp":"2026-08-17T02:57:13.008773Z","level":"info","event":"Done. Returned value was: ./extracted_data.csv","try_number":1,"run_id":"scheduled__2026-08-17T02:56:00+00:00","ti_id":"01a00da6-c636-746c-b44b-9d8f733529fa","task_id":"extract_data_from_source","map_index":-1,"dag_id":"Weather_pipeline","logger":"airflow.task.operators.airflow.providers.standard.operators.python.PythonOperator","filename":"python.py","lineno":233}
{"timestamp":"2026-08-17T02:57:13.009006Z","level":"info","event":"::group::Post Execute","try_number":1,"run_id":"scheduled__2026-08-17T02:56:00+00:00","ti_id":"01a00da6-c636-746c-b44b-9d8f733529fa","task_id":"extract_data_from_source","map_index":-1,"dag_id":"Weather_pipeline","logger":"task","filename":"task_runner.py","lineno":1580}
{"timestamp":"2026-08-17T02:57:13.009824Z","level":"info","event":"Pushing xcom","ti":"RuntimeTaskInstance(id=UUID('01a00da6-c636-746c-b44b-9d8f733529fa'), task_id='extract_data_from_source', dag_id='Weather_pipeline', run_id='scheduled__2026-08-17T02:56:00+00:00', try_number=1, dag_version_id=UUID('01a00d89-9944-74d9-afd4-a6b88f9c736c'), map_index=-1, hostname='48cb01aec349', context_carrier={'traceparent': '00-d40920c539b291585cdbbb68e2bad16c-8261dd52de06c16d-00'}, queue='default', task=<Task(PythonOperator): extract_data_from_source>, bundle_instance=LocalDagBundle(name=dags-folder), max_tries=0, start_date=datetime.datetime(2026, 8, 17, 2, 57, 9, 574802, tzinfo=datetime.timezone.utc), end_date=None, state=<TaskInstanceState.RUNNING: 'running'>, is_mapped=False, rendered_map_index=None, sentry_integration='sentry_sdk.integrations.celery.CeleryIntegration')","try_number":1,"run_id":"scheduled__2026-08-17T02:56:00+00:00","ti_id":"01a00da6-c636-746c-b44b-9d8f733529fa","task_id":"extract_data_from_source","map_index":-1,"dag_id":"Weather_pipeline","logger":"task","filename":"task_runner.py","lineno":2280}
{"timestamp":"2026-08-17T02:57:13.262514Z","level":"info","event":"Task instance in success state","logger":"task.stdout"}
{"timestamp":"2026-08-17T02:57:13.263563Z","level":"info","event":" Previous state of the Task instance: TaskInstanceState.RUNNING","logger":"task.stdout"}
{"timestamp":"2026-08-17T02:57:13.265094Z","level":"info","event":"Task operator:<Task(PythonOperator): extract_data_from_source>","logger":"task.stdout"}
{"timestamp":"2026-08-17T02:57:13.262431Z","level":"info","event":"::endgroup::","try_number":1,"run_id":"scheduled__2026-08-17T02:56:00+00:00","ti_id":"01a00da6-c636-746c-b44b-9d8f733529fa","task_id":"extract_data_from_source","map_index":-1,"dag_id":"Weather_pipeline","logger":"task","filename":"task_runner.py","lineno":2379}
