{"timestamp":"2026-08-17T03:10:01.250520Z","level":"info","event":"::group::Pre Execute","logger":"task","filename":"task_runner.py","lineno":2412}
{"timestamp":"2026-08-17T03:10:01.465963Z","level":"info","event":"DAG bundles loaded: dags-folder, example_dags, apache-airflow-providers-common-sql-example-dags, apache-airflow-providers-standard-example-dags","try_number":1,"task_id":"extract_data_from_source","ti_id":"01a00db2-8c13-7f0e-a222-7c57ff6e7f07","map_index":-1,"dag_id":"Weather_pipeline","run_id":"scheduled__2026-08-17T03:10:00+00:00","logger":"airflow.dag_processing.bundles.manager.DagBundlesManager","filename":"manager.py","lineno":304}
{"timestamp":"2026-08-17T03:10:01.480690Z","level":"info","event":"Filling up the DagBag from /opt/airflow/dags/pipeline.py","try_number":1,"task_id":"extract_data_from_source","ti_id":"01a00db2-8c13-7f0e-a222-7c57ff6e7f07","map_index":-1,"dag_id":"Weather_pipeline","run_id":"scheduled__2026-08-17T03:10:00+00:00","logger":"airflow.dag_processing.dagbag.BundleDagBag","filename":"dagbag.py","lineno":460}
{"timestamp":"2026-08-17T03:10:04.527775Z","level":"info","event":"Worker startup parse complete","bundle_name":"dags-folder","bundle_version":null,"dag_file":"pipeline.py","dag_id":"Weather_pipeline","bundle_prepare_ms":20,"dag_file_parse_ms":3049,"try_number":1,"task_id":"extract_data_from_source","ti_id":"01a00db2-8c13-7f0e-a222-7c57ff6e7f07","map_index":-1,"run_id":"scheduled__2026-08-17T03:10:00+00:00","logger":"task","filename":"task_runner.py","lineno":1073}
{"timestamp":"2026-08-17T03:10:04.766614Z","level":"info","event":"Task instance is in running state","logger":"task.stdout"}
{"timestamp":"2026-08-17T03:10:04.775832Z","level":"info","event":" Previous state of the Task instance: TaskInstanceState.QUEUED","logger":"task.stdout"}
{"timestamp":"2026-08-17T03:10:04.806842Z","level":"info","event":"Current task name:extract_data_from_source","logger":"task.stdout"}
{"timestamp":"2026-08-17T03:10:04.817808Z","level":"info","event":"Dag name:Weather_pipeline","logger":"task.stdout"}
{"timestamp":"2026-08-17T03:10:04.834747Z","level":"info","event":"-90 96","logger":"task.stdout"}
{"timestamp":"2026-08-17T03:10:04.767512Z","level":"info","event":"::endgroup::","try_number":1,"task_id":"extract_data_from_source","ti_id":"01a00db2-8c13-7f0e-a222-7c57ff6e7f07","map_index":-1,"dag_id":"Weather_pipeline","run_id":"scheduled__2026-08-17T03:10:00+00:00","logger":"task","filename":"task_runner.py","lineno":2232}
{"timestamp":"2026-08-17T03:10:04.778939Z","level":"info","event":"Extraction of data from API starts...","logger":"Utilities","try_number":1,"task_id":"extract_data_from_source","ti_id":"01a00db2-8c13-7f0e-a222-7c57ff6e7f07","map_index":-1,"dag_id":"Weather_pipeline","run_id":"scheduled__2026-08-17T03:10:00+00:00","filename":"Utilities.py","lineno":26}
{"timestamp":"2026-08-17T03:10:06.278024Z","level":"info","event":"[]","logger":"task.stdout"}
{"timestamp":"2026-08-17T03:10:07.003638Z","level":"info","event":"Extraction of data from API Ends.","logger":"Utilities","try_number":1,"task_id":"extract_data_from_source","ti_id":"01a00db2-8c13-7f0e-a222-7c57ff6e7f07","map_index":-1,"dag_id":"Weather_pipeline","run_id":"scheduled__2026-08-17T03:10:00+00:00","filename":"Utilities.py","lineno":58}
{"timestamp":"2026-08-17T03:10:07.005034Z","level":"info","event":"Done. Returned value was: ./extracted_data.csv","try_number":1,"task_id":"extract_data_from_source","ti_id":"01a00db2-8c13-7f0e-a222-7c57ff6e7f07","map_index":-1,"dag_id":"Weather_pipeline","run_id":"scheduled__2026-08-17T03:10:00+00:00","logger":"airflow.task.operators.airflow.providers.standard.operators.python.PythonOperator","filename":"python.py","lineno":233}
{"timestamp":"2026-08-17T03:10:07.005902Z","level":"info","event":"::group::Post Execute","try_number":1,"task_id":"extract_data_from_source","ti_id":"01a00db2-8c13-7f0e-a222-7c57ff6e7f07","map_index":-1,"dag_id":"Weather_pipeline","run_id":"scheduled__2026-08-17T03:10:00+00:00","logger":"task","filename":"task_runner.py","lineno":1580}
{"timestamp":"2026-08-17T03:10:07.006767Z","level":"info","event":"Pushing xcom","ti":"RuntimeTaskInstance(id=UUID('01a00db2-8c13-7f0e-a222-7c57ff6e7f07'), task_id='extract_data_from_source', dag_id='Weather_pipeline', run_id='scheduled__2026-08-17T03:10:00+00:00', try_number=1, dag_version_id=UUID('01a00d89-9944-74d9-afd4-a6b88f9c736c'), map_index=-1, hostname='48cb01aec349', context_carrier={'traceparent': '00-06ad596805bc6f8eae1281906c55480d-d9f5be9b05b5fafe-00'}, queue='default', task=<Task(PythonOperator): extract_data_from_source>, bundle_instance=LocalDagBundle(name=dags-folder), max_tries=0, start_date=datetime.datetime(2026, 8, 17, 3, 10, 1, 194416, tzinfo=datetime.timezone.utc), end_date=None, state=<TaskInstanceState.RUNNING: 'running'>, is_mapped=False, rendered_map_index=None, sentry_integration='sentry_sdk.integrations.celery.CeleryIntegration')","try_number":1,"task_id":"extract_data_from_source","ti_id":"01a00db2-8c13-7f0e-a222-7c57ff6e7f07","map_index":-1,"dag_id":"Weather_pipeline","run_id":"scheduled__2026-08-17T03:10:00+00:00","logger":"task","filename":"task_runner.py","lineno":2280}
{"timestamp":"2026-08-17T03:10:07.669529Z","level":"info","event":"Task instance in success state","logger":"task.stdout"}
{"timestamp":"2026-08-17T03:10:07.676076Z","level":"info","event":" Previous state of the Task instance: TaskInstanceState.RUNNING","logger":"task.stdout"}
{"timestamp":"2026-08-17T03:10:07.695960Z","level":"info","event":"Task operator:<Task(PythonOperator): extract_data_from_source>","logger":"task.stdout"}
{"timestamp":"2026-08-17T03:10:07.693594Z","level":"info","event":"::endgroup::","try_number":1,"task_id":"extract_data_from_source","ti_id":"01a00db2-8c13-7f0e-a222-7c57ff6e7f07","map_index":-1,"dag_id":"Weather_pipeline","run_id":"scheduled__2026-08-17T03:10:00+00:00","logger":"task","filename":"task_runner.py","lineno":2379}
