{"timestamp":"2026-08-17T02:57:10.244593Z","level":"info","event":"::group::Pre Execute","logger":"task","filename":"task_runner.py","lineno":2412}
{"timestamp":"2026-08-17T02:57:10.376128Z","level":"info","event":"DAG bundles loaded: dags-folder, example_dags, apache-airflow-providers-common-sql-example-dags, apache-airflow-providers-standard-example-dags","run_id":"scheduled__2026-08-17T02:57:00+00:00","task_id":"extract_data_from_source","dag_id":"Weather_pipeline","try_number":1,"map_index":-1,"ti_id":"01a00da6-ca02-7ce6-accf-e940ac25def3","logger":"airflow.dag_processing.bundles.manager.DagBundlesManager","filename":"manager.py","lineno":304}
{"timestamp":"2026-08-17T02:57:10.378640Z","level":"info","event":"Filling up the DagBag from /opt/airflow/dags/pipeline.py","run_id":"scheduled__2026-08-17T02:57:00+00:00","task_id":"extract_data_from_source","dag_id":"Weather_pipeline","try_number":1,"map_index":-1,"ti_id":"01a00da6-ca02-7ce6-accf-e940ac25def3","logger":"airflow.dag_processing.dagbag.BundleDagBag","filename":"dagbag.py","lineno":460}
{"timestamp":"2026-08-17T02:57:12.031679Z","level":"info","event":"Worker startup parse complete","bundle_name":"dags-folder","bundle_version":null,"dag_file":"pipeline.py","dag_id":"Weather_pipeline","bundle_prepare_ms":26,"dag_file_parse_ms":1653,"run_id":"scheduled__2026-08-17T02:57:00+00:00","task_id":"extract_data_from_source","try_number":1,"map_index":-1,"ti_id":"01a00da6-ca02-7ce6-accf-e940ac25def3","logger":"task","filename":"task_runner.py","lineno":1073}
{"timestamp":"2026-08-17T02:57:12.533262Z","level":"info","event":"Task instance is in running state","logger":"task.stdout"}
{"timestamp":"2026-08-17T02:57:12.537669Z","level":"info","event":" Previous state of the Task instance: TaskInstanceState.QUEUED","logger":"task.stdout"}
{"timestamp":"2026-08-17T02:57:12.540758Z","level":"info","event":"Current task name:extract_data_from_source","logger":"task.stdout"}
{"timestamp":"2026-08-17T02:57:12.545358Z","level":"info","event":"Dag name:Weather_pipeline","logger":"task.stdout"}
{"timestamp":"2026-08-17T02:57:12.529091Z","level":"info","event":"::endgroup::","run_id":"scheduled__2026-08-17T02:57:00+00:00","task_id":"extract_data_from_source","dag_id":"Weather_pipeline","try_number":1,"map_index":-1,"ti_id":"01a00da6-ca02-7ce6-accf-e940ac25def3","logger":"task","filename":"task_runner.py","lineno":2232}
{"timestamp":"2026-08-17T02:57:12.543826Z","level":"info","event":"Extraction of data from API starts...","logger":"Utilities","run_id":"scheduled__2026-08-17T02:57:00+00:00","task_id":"extract_data_from_source","dag_id":"Weather_pipeline","try_number":1,"map_index":-1,"ti_id":"01a00da6-ca02-7ce6-accf-e940ac25def3","filename":"Utilities.py","lineno":26}
{"timestamp":"2026-08-17T02:57:12.558827Z","level":"info","event":"10 33","logger":"task.stdout"}
{"timestamp":"2026-08-17T02:57:14.318680Z","level":"info","event":"Index(['state', 'country', 'name', 'latitude', 'longitude',","logger":"task.stdout"}
{"timestamp":"2026-08-17T02:57:14.319298Z","level":"info","event":"       'generationtime_ms', 'utc_offset_seconds', 'timezone',","logger":"task.stdout"}
{"timestamp":"2026-08-17T02:57:14.321076Z","level":"info","event":"       'timezone_abbreviation', 'elevation', 'time', 'interval',","logger":"task.stdout"}
{"timestamp":"2026-08-17T02:57:14.324607Z","level":"info","event":"       'temperature_2m', 'relative_humidity_2m', 'is_day', 'precipitation',","logger":"task.stdout"}
{"timestamp":"2026-08-17T02:57:14.325140Z","level":"info","event":"       'rain', 'showers', 'snowfall', 'pressure_msl', 'surface_pressure',","logger":"task.stdout"}
{"timestamp":"2026-08-17T02:57:14.326286Z","level":"info","event":"       'cloud_cover', 'weather_code', 'wind_gusts_10m', 'wind_direction_10m',","logger":"task.stdout"}
{"timestamp":"2026-08-17T02:57:14.326693Z","level":"info","event":"       'wind_speed_10m', 'apparent_temperature'],","logger":"task.stdout"}
{"timestamp":"2026-08-17T02:57:14.327515Z","level":"info","event":"      dtype='str')","logger":"task.stdout"}
{"timestamp":"2026-08-17T02:57:14.330513Z","level":"info","event":"Extraction of data from API Ends.","logger":"Utilities","run_id":"scheduled__2026-08-17T02:57:00+00:00","task_id":"extract_data_from_source","dag_id":"Weather_pipeline","try_number":1,"map_index":-1,"ti_id":"01a00da6-ca02-7ce6-accf-e940ac25def3","filename":"Utilities.py","lineno":59}
{"timestamp":"2026-08-17T02:57:14.331171Z","level":"info","event":"Done. Returned value was: ./extracted_data.csv","run_id":"scheduled__2026-08-17T02:57:00+00:00","task_id":"extract_data_from_source","dag_id":"Weather_pipeline","try_number":1,"map_index":-1,"ti_id":"01a00da6-ca02-7ce6-accf-e940ac25def3","logger":"airflow.task.operators.airflow.providers.standard.operators.python.PythonOperator","filename":"python.py","lineno":233}
{"timestamp":"2026-08-17T02:57:14.331448Z","level":"info","event":"::group::Post Execute","run_id":"scheduled__2026-08-17T02:57:00+00:00","task_id":"extract_data_from_source","dag_id":"Weather_pipeline","try_number":1,"map_index":-1,"ti_id":"01a00da6-ca02-7ce6-accf-e940ac25def3","logger":"task","filename":"task_runner.py","lineno":1580}
{"timestamp":"2026-08-17T02:57:14.331869Z","level":"info","event":"Pushing xcom","ti":"RuntimeTaskInstance(id=UUID('01a00da6-ca02-7ce6-accf-e940ac25def3'), task_id='extract_data_from_source', dag_id='Weather_pipeline', run_id='scheduled__2026-08-17T02:57:00+00:00', try_number=1, dag_version_id=UUID('01a00d89-9944-74d9-afd4-a6b88f9c736c'), map_index=-1, hostname='48cb01aec349', context_carrier={'traceparent': '00-295e777ceb9351c645b1c0a0912a9cd7-9b8a7a6f08006441-00'}, queue='default', task=<Task(PythonOperator): extract_data_from_source>, bundle_instance=LocalDagBundle(name=dags-folder), max_tries=0, start_date=datetime.datetime(2026, 8, 17, 2, 57, 10, 208788, tzinfo=datetime.timezone.utc), end_date=None, state=<TaskInstanceState.RUNNING: 'running'>, is_mapped=False, rendered_map_index=None, sentry_integration='sentry_sdk.integrations.celery.CeleryIntegration')","run_id":"scheduled__2026-08-17T02:57:00+00:00","task_id":"extract_data_from_source","dag_id":"Weather_pipeline","try_number":1,"map_index":-1,"ti_id":"01a00da6-ca02-7ce6-accf-e940ac25def3","logger":"task","filename":"task_runner.py","lineno":2280}
{"timestamp":"2026-08-17T02:57:14.445004Z","level":"info","event":"Task instance in success state","logger":"task.stdout"}
{"timestamp":"2026-08-17T02:57:14.451026Z","level":"info","event":" Previous state of the Task instance: TaskInstanceState.RUNNING","logger":"task.stdout"}
{"timestamp":"2026-08-17T02:57:14.452363Z","level":"info","event":"Task operator:<Task(PythonOperator): extract_data_from_source>","logger":"task.stdout"}
{"timestamp":"2026-08-17T02:57:14.445648Z","level":"info","event":"::endgroup::","run_id":"scheduled__2026-08-17T02:57:00+00:00","task_id":"extract_data_from_source","dag_id":"Weather_pipeline","try_number":1,"map_index":-1,"ti_id":"01a00da6-ca02-7ce6-accf-e940ac25def3","logger":"task","filename":"task_runner.py","lineno":2379}
