{"timestamp":"2026-08-17T02:57:09.392601Z","level":"info","event":"::group::Pre Execute","logger":"task","filename":"task_runner.py","lineno":2412}
{"timestamp":"2026-08-17T02:57:09.626725Z","level":"info","event":"DAG bundles loaded: dags-folder, example_dags, apache-airflow-providers-common-sql-example-dags, apache-airflow-providers-standard-example-dags","dag_id":"Weather_pipeline","run_id":"manual__2026-08-17T02:57:08.107392+00:00","task_id":"extract_data_from_source","ti_id":"01a00da6-c437-7521-a1d6-4f5994478ccd","try_number":1,"map_index":-1,"logger":"airflow.dag_processing.bundles.manager.DagBundlesManager","filename":"manager.py","lineno":304}
{"timestamp":"2026-08-17T02:57:09.630342Z","level":"info","event":"Filling up the DagBag from /opt/airflow/dags/pipeline.py","dag_id":"Weather_pipeline","run_id":"manual__2026-08-17T02:57:08.107392+00:00","task_id":"extract_data_from_source","ti_id":"01a00da6-c437-7521-a1d6-4f5994478ccd","try_number":1,"map_index":-1,"logger":"airflow.dag_processing.dagbag.BundleDagBag","filename":"dagbag.py","lineno":460}
{"timestamp":"2026-08-17T02:57:10.650960Z","level":"info","event":"Worker startup parse complete","bundle_name":"dags-folder","bundle_version":null,"dag_file":"pipeline.py","dag_id":"Weather_pipeline","bundle_prepare_ms":7,"dag_file_parse_ms":1021,"run_id":"manual__2026-08-17T02:57:08.107392+00:00","task_id":"extract_data_from_source","ti_id":"01a00da6-c437-7521-a1d6-4f5994478ccd","try_number":1,"map_index":-1,"logger":"task","filename":"task_runner.py","lineno":1073}
{"timestamp":"2026-08-17T02:57:10.799373Z","level":"info","event":"Task instance is in running state","logger":"task.stdout"}
{"timestamp":"2026-08-17T02:57:10.804023Z","level":"info","event":" Previous state of the Task instance: TaskInstanceState.QUEUED","logger":"task.stdout"}
{"timestamp":"2026-08-17T02:57:10.804775Z","level":"info","event":"Current task name:extract_data_from_source","logger":"task.stdout"}
{"timestamp":"2026-08-17T02:57:10.806611Z","level":"info","event":"Dag name:Weather_pipeline","logger":"task.stdout"}
{"timestamp":"2026-08-17T02:57:10.802475Z","level":"info","event":"::endgroup::","dag_id":"Weather_pipeline","run_id":"manual__2026-08-17T02:57:08.107392+00:00","task_id":"extract_data_from_source","ti_id":"01a00da6-c437-7521-a1d6-4f5994478ccd","try_number":1,"map_index":-1,"logger":"task","filename":"task_runner.py","lineno":2232}
{"timestamp":"2026-08-17T02:57:10.817156Z","level":"info","event":"Extraction of data from API starts...","logger":"Utilities","dag_id":"Weather_pipeline","run_id":"manual__2026-08-17T02:57:08.107392+00:00","task_id":"extract_data_from_source","ti_id":"01a00da6-c437-7521-a1d6-4f5994478ccd","try_number":1,"map_index":-1,"filename":"Utilities.py","lineno":26}
{"timestamp":"2026-08-17T02:57:10.819661Z","level":"info","event":"57 -58","logger":"task.stdout"}
{"timestamp":"2026-08-17T02:57:12.844976Z","level":"info","event":"Index(['state', 'country', 'name', 'latitude', 'longitude',","logger":"task.stdout"}
{"timestamp":"2026-08-17T02:57:12.847807Z","level":"info","event":"       'generationtime_ms', 'utc_offset_seconds', 'timezone',","logger":"task.stdout"}
{"timestamp":"2026-08-17T02:57:12.848890Z","level":"info","event":"       'timezone_abbreviation', 'elevation', 'time', 'interval',","logger":"task.stdout"}
{"timestamp":"2026-08-17T02:57:12.857725Z","level":"info","event":"       'temperature_2m', 'relative_humidity_2m', 'is_day', 'precipitation',","logger":"task.stdout"}
{"timestamp":"2026-08-17T02:57:12.868905Z","level":"info","event":"       'rain', 'showers', 'snowfall', 'pressure_msl', 'surface_pressure',","logger":"task.stdout"}
{"timestamp":"2026-08-17T02:57:12.872682Z","level":"info","event":"       'cloud_cover', 'weather_code', 'wind_gusts_10m', 'wind_direction_10m',","logger":"task.stdout"}
{"timestamp":"2026-08-17T02:57:12.875820Z","level":"info","event":"       'wind_speed_10m', 'apparent_temperature'],","logger":"task.stdout"}
{"timestamp":"2026-08-17T02:57:12.880712Z","level":"info","event":"      dtype='str')","logger":"task.stdout"}
{"timestamp":"2026-08-17T02:57:12.869074Z","level":"info","event":"Extraction of data from API Ends.","logger":"Utilities","dag_id":"Weather_pipeline","run_id":"manual__2026-08-17T02:57:08.107392+00:00","task_id":"extract_data_from_source","ti_id":"01a00da6-c437-7521-a1d6-4f5994478ccd","try_number":1,"map_index":-1,"filename":"Utilities.py","lineno":59}
{"timestamp":"2026-08-17T02:57:12.869930Z","level":"info","event":"Done. Returned value was: ./extracted_data.csv","dag_id":"Weather_pipeline","run_id":"manual__2026-08-17T02:57:08.107392+00:00","task_id":"extract_data_from_source","ti_id":"01a00da6-c437-7521-a1d6-4f5994478ccd","try_number":1,"map_index":-1,"logger":"airflow.task.operators.airflow.providers.standard.operators.python.PythonOperator","filename":"python.py","lineno":233}
{"timestamp":"2026-08-17T02:57:12.870379Z","level":"info","event":"::group::Post Execute","dag_id":"Weather_pipeline","run_id":"manual__2026-08-17T02:57:08.107392+00:00","task_id":"extract_data_from_source","ti_id":"01a00da6-c437-7521-a1d6-4f5994478ccd","try_number":1,"map_index":-1,"logger":"task","filename":"task_runner.py","lineno":1580}
{"timestamp":"2026-08-17T02:57:12.871178Z","level":"info","event":"Pushing xcom","ti":"RuntimeTaskInstance(id=UUID('01a00da6-c437-7521-a1d6-4f5994478ccd'), task_id='extract_data_from_source', dag_id='Weather_pipeline', run_id='manual__2026-08-17T02:57:08.107392+00:00', try_number=1, dag_version_id=UUID('01a00d89-9944-74d9-afd4-a6b88f9c736c'), map_index=-1, hostname='48cb01aec349', context_carrier={'traceparent': '00-68366c366cd492f6e1e6f730c5e681d3-21285cab7bc30a84-00'}, queue='default', task=<Task(PythonOperator): extract_data_from_source>, bundle_instance=LocalDagBundle(name=dags-folder), max_tries=0, start_date=datetime.datetime(2026, 8, 17, 2, 57, 9, 567034, tzinfo=datetime.timezone.utc), end_date=None, state=<TaskInstanceState.RUNNING: 'running'>, is_mapped=False, rendered_map_index=None, sentry_integration='sentry_sdk.integrations.celery.CeleryIntegration')","dag_id":"Weather_pipeline","run_id":"manual__2026-08-17T02:57:08.107392+00:00","task_id":"extract_data_from_source","ti_id":"01a00da6-c437-7521-a1d6-4f5994478ccd","try_number":1,"map_index":-1,"logger":"task","filename":"task_runner.py","lineno":2280}
{"timestamp":"2026-08-17T02:57:13.190159Z","level":"info","event":"Task instance in success state","logger":"task.stdout"}
{"timestamp":"2026-08-17T02:57:13.191593Z","level":"info","event":" Previous state of the Task instance: TaskInstanceState.RUNNING","logger":"task.stdout"}
{"timestamp":"2026-08-17T02:57:13.192952Z","level":"info","event":"Task operator:<Task(PythonOperator): extract_data_from_source>","logger":"task.stdout"}
{"timestamp":"2026-08-17T02:57:13.190968Z","level":"info","event":"::endgroup::","dag_id":"Weather_pipeline","run_id":"manual__2026-08-17T02:57:08.107392+00:00","task_id":"extract_data_from_source","ti_id":"01a00da6-c437-7521-a1d6-4f5994478ccd","try_number":1,"map_index":-1,"logger":"task","filename":"task_runner.py","lineno":2379}
